hello

yooork@DESKTOP-MF56VII MINGW64 ~/OneDrive/桌面/git repos/hello
$ git init
Initialized empty Git repository in C:/Users/yooork/OneDrive/桌面/git repos/hello/.git/

yooork@DESKTOP-MF56VII MINGW64 ~/OneDrive/桌面/git repos/hello (master)
$ git status
On branch master

No commits yet

Untracked files:
  (use "git add <file>..." to include in what will be committed)
        hello.txt

nothing added to commit but untracked files present (use "git add" to track)

yooork@DESKTOP-MF56VII MINGW64 ~/OneDrive/桌面/git repos/hello (master)
$ git status
On branch master

No commits yet

Untracked files:
  (use "git add <file>..." to include in what will be committed)
        hello.txt
        hello2.txt

nothing added to commit but untracked files present (use "git add" to track)

yooork@DESKTOP-MF56VII MINGW64 ~/OneDrive/桌面/git repos/hello (master)
$ git add hello.txt

yooork@DESKTOP-MF56VII MINGW64 ~/OneDrive/桌面/git repos/hello (master)
$ git status
On branch master

No commits yet

Changes to be committed:
  (use "git rm --cached <file>..." to unstage)
        new file:   hello.txt

Untracked files:
  (use "git add <file>..." to include in what will be committed)
        hello2.txt


yooork@DESKTOP-MF56VII MINGW64 ~/OneDrive/桌面/git repos/hello (master)
$ git commit -m "hello"
Author identity unknown

*** Please tell me who you are.

Run

  git config --global user.email "you@example.com"
  git config --global user.name "Your Name"

to set your account's default identity.
Omit --global to set the identity only in this repository.

fatal: unable to auto-detect email address (got 'yooork@DESKTOP-MF56VII.(none)')

yooork@DESKTOP-MF56VII MINGW64 ~/OneDrive/桌面/git repos/hello (master)
$ d11410013@ems.npu.edu.tw1111410013
bash: d11410013@ems.npu.edu.tw1111410013: command not found

yooork@DESKTOP-MF56VII MINGW64 ~/OneDrive/桌面/git repos/hello (master)
$ ^C

yooork@DESKTOP-MF56VII MINGW64 ~/OneDrive/桌面/git repos/hello (master)
$ git config --global d11410013@ems.npu.edu.tw
error: invalid key: d11410013@ems.npu.edu.tw

yooork@DESKTOP-MF56VII MINGW64 ~/OneDrive/桌面/git repos/hello (master)
$ git config --global d11410013@ems.npu.edu.tw1111410013
error: invalid key: d11410013@ems.npu.edu.tw1111410013

yooork@DESKTOP-MF56VII MINGW64 ~/OneDrive/桌面/git repos/hello (master)
$ ^[[200~
bash: $'\E[200~': command not found

yooork@DESKTOP-MF56VII MINGW64 ~/OneDrive/桌面/git repos/hello (master)
$ git config --global d11410013@ems.npu.edu.tw
git config --global 1111410013
error: invalid key: d11410013@ems.npu.edu.tw
error: key does not contain a section: 1111410013

yooork@DESKTOP-MF56VII MINGW64 ~/OneDrive/桌面/git repos/hello (master)
$ git config --global user.email d11410013@ems.npu.edu.tw
git config --global user.name 1111410013

yooork@DESKTOP-MF56VII MINGW64 ~/OneDrive/桌面/git repos/hello (master)
$ git commit -m "hello"
[master (root-commit) 5fb994f] hello
 1 file changed, 0 insertions(+), 0 deletions(-)
 create mode 100644 hello.txt

yooork@DESKTOP-MF56VII MINGW64 ~/OneDrive/桌面/git repos/hello (master)
$ git log
commit 5fb994f89bc9ca3dbec19c7142acfa7520ba3093 (HEAD -> master)
Author: 1111410013 <d11410013@ems.npu.edu.tw>
Date:   Tue May 23 23:25:49 2023 +0800

    hello

yooork@DESKTOP-MF56VII MINGW64 ~/OneDrive/桌面/git repos/hello (master)
$ git status
On branch master
Untracked files:
  (use "git add <file>..." to include in what will be committed)
        hello2.txt

nothing added to commit but untracked files present (use "git add" to track)

yooork@DESKTOP-MF56VII MINGW64 ~/OneDrive/桌面/git repos/hello (master)
$ git status
On branch master
Changes not staged for commit:
  (use "git add <file>..." to update what will be committed)
  (use "git restore <file>..." to discard changes in working directory)
        modified:   hello.txt

Untracked files:
  (use "git add <file>..." to include in what will be committed)
        hello2.txt

no changes added to commit (use "git add" and/or "git commit -a")

yooork@DESKTOP-MF56VII MINGW64 ~/OneDrive/桌面/git repos/hello (master)
$ git add .

yooork@DESKTOP-MF56VII MINGW64 ~/OneDrive/桌面/git repos/hello (master)
$ git status
On branch master
Changes to be committed:
  (use "git restore --staged <file>..." to unstage)
        modified:   hello.txt
        new file:   hello2.txt


yooork@DESKTOP-MF56VII MINGW64 ~/OneDrive/桌面/git repos/hello (master)
$ git commit -m "second commit"
[master ea37d92] second commit
 2 files changed, 1 insertion(+)
 create mode 100644 hello2.txt

yooork@DESKTOP-MF56VII MINGW64 ~/OneDrive/桌面/git repos/hello (master)
$ git log
commit ea37d924210c01209941a90c5191abf25b4c35f9 (HEAD -> master)
Author: 1111410013 <d11410013@ems.npu.edu.tw>
Date:   Tue May 23 23:30:10 2023 +0800

    second commit

commit 5fb994f89bc9ca3dbec19c7142acfa7520ba3093
Author: 1111410013 <d11410013@ems.npu.edu.tw>
Date:   Tue May 23 23:25:49 2023 +0800

    hello

yooork@DESKTOP-MF56VII MINGW64 ~/OneDrive/桌面/git repos/hello (master)
$ git remote add origin https://github.com/1111410013/hello.git

yooork@DESKTOP-MF56VII MINGW64 ~/OneDrive/桌面/git repos/hello (master)
$ git remote
origin

yooork@DESKTOP-MF56VII MINGW64 ~/OneDrive/桌面/git repos/hello (master)
$ git push origin master
Enumerating objects: 6, done.
Counting objects: 100% (6/6), done.
Delta compression using up to 16 threads
Compressing objects: 100% (3/3), done.
Writing objects: 100% (6/6), 447 bytes | 447.00 KiB/s, done.
Total 6 (delta 0), reused 0 (delta 0), pack-reused 0
To https://github.com/1111410013/hello.git
 * [new branch]      master -> master

yooork@DESKTOP-MF56VII MINGW64 ~/OneDrive/桌面/git repos/hello (master)
$ ^C

yooork@DESKTOP-MF56VII MINGW64 ~/OneDrive/桌面/git repos/hello (master)
$
